single 1
***
single 1
single 1
***
single 1
single 1
single 1
***
single 1
single 1
double 1
***
single 1
single 1
triple 1
***
single 1
single 1
double 2
***
single 1
single 1
single 5
***
single 1
single 1
triple 2
***
single 1
single 1
single 7
***
single 1
single 1
double 4
***
single 1
single 1
triple 3
***
single 1
single 1
double 5
***
single 1
single 1
single 11
***
single 1
single 1
triple 4
***
single 1
single 1
single 13
***
single 1
single 1
double 7
***
single 1
single 1
triple 5
***
single 1
single 1
double 8
***
single 1
single 1
single 17
***
single 1
single 1
triple 6
***
single 1
single 1
single 19
***
single 1
single 1
double 10
***
single 1
single 1
triple 7
***
single 1
single 1
double 11
***
single 1
double 1
double 11
***
single 1
single 1
triple 8
***
single 1
double 1
triple 8
***
single 1
single 1
double 13
***
single 1
single 1
triple 9
***
single 1
single 1
double 14
***
single 1
double 1
double 14
***
single 1
single 1
triple 10
***
single 1
double 1
triple 10
***
single 1
single 1
double 16
***
single 1
single 1
triple 11
***
single 1
single 1
double 17
***
single 1
double 1
double 17
***
single 1
single 1
triple 12
***
single 1
double 1
triple 12
***
single 1
single 1
double 19
***
single 1
single 1
triple 13
***
single 1
single 1
double 20
***
single 1
double 1
double 20
***
single 1
single 1
triple 14
***
single 1
double 1
triple 14
***
single 1
triple 1
triple 14
***
single 1
single 1
triple 15
***
single 1
double 1
triple 15
***
single 1
triple 1
triple 15
***
single 1
single 1
triple 16
***
single 1
double 1
triple 16
***
single 1
triple 1
triple 16
***
single 1
single 1
triple 17
***
single 1
double 1
triple 17
***
single 1
triple 1
triple 17
***
single 1
single 1
triple 18
***
single 1
double 1
triple 18
***
single 1
triple 1
triple 18
***
single 1
single 1
triple 19
***
single 1
double 1
triple 19
***
single 1
triple 1
triple 19
***
single 1
single 1
triple 20
***
single 1
double 1
triple 20
***
single 1
triple 1
triple 20
***
single 1
double 2
triple 20
***
single 1
double 4
triple 19
***
single 1
triple 2
triple 20
***
single 1
double 5
triple 19
***
single 1
double 4
triple 20
***
single 1
triple 3
triple 20
***
single 1
double 5
triple 20
***
single 1
double 7
triple 19
***
single 1
triple 4
triple 20
***
single 1
double 8
triple 19
***
single 1
double 7
triple 20
***
single 1
triple 5
triple 20
***
single 1
double 8
triple 20
***
single 1
double 10
triple 19
***
single 1
triple 6
triple 20
***
single 1
double 11
triple 19
***
single 1
double 10
triple 20
***
single 1
triple 7
triple 20
***
single 1
double 11
triple 20
***
single 1
double 13
triple 19
***
single 1
triple 8
triple 20
***
single 1
double 14
triple 19
***
single 1
double 13
triple 20
***
single 1
triple 9
triple 20
***
single 1
double 14
triple 20
***
single 1
double 16
triple 19
***
single 1
triple 10
triple 20
***
single 1
double 17
triple 19
***
single 1
double 16
triple 20
***
single 1
triple 11
triple 20
***
single 1
double 17
triple 20
***
single 1
double 19
triple 19
***
single 1
triple 12
triple 20
***
single 1
triple 19
double 20
***
single 1
double 19
triple 20
***
single 1
triple 13
triple 20
***
single 1
double 20
triple 20
***
double 1
double 20
triple 20
***
single 1
triple 14
triple 20
***
double 1
triple 14
triple 20
***
triple 1
triple 14
triple 20
***
single 1
triple 15
triple 20
***
double 1
triple 15
triple 20
***
triple 1
triple 15
triple 20
***
single 1
triple 16
triple 20
***
double 1
triple 16
triple 20
***
triple 1
triple 16
triple 20
***
single 1
triple 17
triple 20
***
double 1
triple 17
triple 20
***
triple 1
triple 17
triple 20
***
single 1
triple 18
triple 20
***
double 1
triple 18
triple 20
***
triple 1
triple 18
triple 20
***
single 1
triple 19
triple 20
***
double 1
triple 19
triple 20
***
triple 1
triple 19
triple 20
***
single 1
triple 20
triple 20
***
double 1
triple 20
triple 20
***
triple 1
triple 20
triple 20
***
double 2
triple 20
triple 20
***
double 4
triple 19
triple 20
***
triple 2
triple 20
triple 20
***
double 5
triple 19
triple 20
***
double 4
triple 20
triple 20
***
triple 3
triple 20
triple 20
***
double 5
triple 20
triple 20
***
double 7
triple 19
triple 20
***
triple 4
triple 20
triple 20
***
double 8
triple 19
triple 20
***
double 7
triple 20
triple 20
***
triple 5
triple 20
triple 20
***
double 8
triple 20
triple 20
***
double 10
triple 19
triple 20
***
triple 6
triple 20
triple 20
***
double 11
triple 19
triple 20
***
double 10
triple 20
triple 20
***
triple 7
triple 20
triple 20
***
double 11
triple 20
triple 20
***
double 13
triple 19
triple 20
***
triple 8
triple 20
triple 20
***
double 14
triple 19
triple 20
***
double 13
triple 20
triple 20
***
triple 9
triple 20
triple 20
***
double 14
triple 20
triple 20
***
double 16
triple 19
triple 20
***
triple 10
triple 20
triple 20
***
double 17
triple 19
triple 20
***
double 16
triple 20
triple 20
***
triple 11
triple 20
triple 20
***
double 17
triple 20
triple 20
***
double 19
triple 19
triple 20
***
triple 12
triple 20
triple 20
***
triple 19
double 20
triple 20
***
double 19
triple 20
triple 20
***
triple 13
triple 20
triple 20
***
double 20
triple 20
triple 20
***
impossible
***
triple 14
triple 20
triple 20
***
impossible
***
impossible
***
triple 15
triple 20
triple 20
***
impossible
***
impossible
***
triple 16
triple 20
triple 20
***
impossible
***
impossible
***
triple 17
triple 20
triple 20
***
impossible
***
impossible
***
triple 18
triple 20
triple 20
***
impossible
***
impossible
***
triple 19
triple 20
triple 20
***
impossible
***
impossible
***
triple 20
triple 20
triple 20
***
